[2023-01-26T11:17:10.709-0300][gc] Using G1
[2023-01-26T11:17:10.710-0300][gc,init] Version: 17.0.4.1+9-LTS (release)
[2023-01-26T11:17:10.710-0300][gc,init] CPUs: 8 total, 8 available
[2023-01-26T11:17:10.710-0300][gc,init] Memory: 16384M
[2023-01-26T11:17:10.710-0300][gc,init] Large Page Support: Disabled
[2023-01-26T11:17:10.710-0300][gc,init] NUMA Support: Disabled
[2023-01-26T11:17:10.710-0300][gc,init] Compressed Oops: Enabled (Zero based)
[2023-01-26T11:17:10.710-0300][gc,init] Heap Region Size: 1M
[2023-01-26T11:17:10.710-0300][gc,init] Heap Min Capacity: 1G
[2023-01-26T11:17:10.710-0300][gc,init] Heap Initial Capacity: 1G
[2023-01-26T11:17:10.710-0300][gc,init] Heap Max Capacity: 1G
[2023-01-26T11:17:10.710-0300][gc,init] Pre-touch: Disabled
[2023-01-26T11:17:10.710-0300][gc,init] Parallel Workers: 8
[2023-01-26T11:17:10.710-0300][gc,init] Concurrent Workers: 2
[2023-01-26T11:17:10.710-0300][gc,init] Concurrent Refinement Workers: 8
[2023-01-26T11:17:10.710-0300][gc,init] Periodic GC: Disabled
[2023-01-26T11:17:10.710-0300][gc,metaspace] CDS archive(s) mapped at: [0x0000000800000000-0x0000000800bd8000-0x0000000800bd8000), size 12419072, SharedBaseAddress: 0x0000000800000000, ArchiveRelocationMode: 0.
[2023-01-26T11:17:10.710-0300][gc,metaspace] Compressed class space mapped at: 0x0000000800c00000-0x0000000840c00000, reserved size: 1073741824
[2023-01-26T11:17:10.710-0300][gc,metaspace] Narrow klass base: 0x0000000800000000, Narrow klass shift: 0, Narrow klass range: 0x100000000
[2023-01-26T11:17:11.339-0300][gc,start    ] GC(0) Pause Young (Normal) (G1 Evacuation Pause)
[2023-01-26T11:17:11.339-0300][gc,task     ] GC(0) Using 8 workers of 8 for evacuation
[2023-01-26T11:17:11.342-0300][gc,phases   ] GC(0)   Pre Evacuate Collection Set: 0.1ms
[2023-01-26T11:17:11.342-0300][gc,phases   ] GC(0)   Merge Heap Roots: 0.0ms
[2023-01-26T11:17:11.342-0300][gc,phases   ] GC(0)   Evacuate Collection Set: 2.2ms
[2023-01-26T11:17:11.342-0300][gc,phases   ] GC(0)   Post Evacuate Collection Set: 0.2ms
[2023-01-26T11:17:11.342-0300][gc,phases   ] GC(0)   Other: 0.3ms
[2023-01-26T11:17:11.342-0300][gc,heap     ] GC(0) Eden regions: 51->0(44)
[2023-01-26T11:17:11.342-0300][gc,heap     ] GC(0) Survivor regions: 0->7(7)
[2023-01-26T11:17:11.342-0300][gc,heap     ] GC(0) Old regions: 0->1
[2023-01-26T11:17:11.342-0300][gc,heap     ] GC(0) Archive regions: 2->2
[2023-01-26T11:17:11.342-0300][gc,heap     ] GC(0) Humongous regions: 0->0
[2023-01-26T11:17:11.342-0300][gc,metaspace] GC(0) Metaspace: 18652K(18880K)->18652K(18880K) NonClass: 16370K(16512K)->16370K(16512K) Class: 2281K(2368K)->2281K(2368K)
[2023-01-26T11:17:11.342-0300][gc          ] GC(0) Pause Young (Normal) (G1 Evacuation Pause) 51M->8M(1024M) 3.434ms
[2023-01-26T11:17:11.342-0300][gc,cpu      ] GC(0) User=0.01s Sys=0.00s Real=0.01s
[2023-01-26T11:17:11.459-0300][gc,start    ] GC(1) Pause Young (Concurrent Start) (GCLocker Initiated GC)
[2023-01-26T11:17:11.459-0300][gc,task     ] GC(1) Using 8 workers of 8 for evacuation
[2023-01-26T11:17:11.462-0300][gc,phases   ] GC(1)   Pre Evacuate Collection Set: 0.2ms
[2023-01-26T11:17:11.462-0300][gc,phases   ] GC(1)   Merge Heap Roots: 0.0ms
[2023-01-26T11:17:11.462-0300][gc,phases   ] GC(1)   Evacuate Collection Set: 2.2ms
[2023-01-26T11:17:11.462-0300][gc,phases   ] GC(1)   Post Evacuate Collection Set: 0.2ms
[2023-01-26T11:17:11.462-0300][gc,phases   ] GC(1)   Other: 0.1ms
[2023-01-26T11:17:11.462-0300][gc,heap     ] GC(1) Eden regions: 12->0(49)
[2023-01-26T11:17:11.462-0300][gc,heap     ] GC(1) Survivor regions: 7->2(7)
[2023-01-26T11:17:11.462-0300][gc,heap     ] GC(1) Old regions: 1->8
[2023-01-26T11:17:11.462-0300][gc,heap     ] GC(1) Archive regions: 2->2
[2023-01-26T11:17:11.462-0300][gc,heap     ] GC(1) Humongous regions: 129->129
[2023-01-26T11:17:11.462-0300][gc,metaspace] GC(1) Metaspace: 21272K(21568K)->21272K(21568K) NonClass: 18671K(18816K)->18671K(18816K) Class: 2601K(2752K)->2601K(2752K)
[2023-01-26T11:17:11.462-0300][gc          ] GC(1) Pause Young (Concurrent Start) (GCLocker Initiated GC) 149M->138M(1024M) 2.763ms
[2023-01-26T11:17:11.462-0300][gc,cpu      ] GC(1) User=0.01s Sys=0.00s Real=0.01s
[2023-01-26T11:17:11.462-0300][gc          ] GC(2) Concurrent Mark Cycle
[2023-01-26T11:17:11.462-0300][gc,marking  ] GC(2) Concurrent Clear Claimed Marks
[2023-01-26T11:17:11.462-0300][gc,marking  ] GC(2) Concurrent Clear Claimed Marks 0.008ms
[2023-01-26T11:17:11.462-0300][gc,marking  ] GC(2) Concurrent Scan Root Regions
[2023-01-26T11:17:11.463-0300][gc,marking  ] GC(2) Concurrent Scan Root Regions 1.207ms
[2023-01-26T11:17:11.463-0300][gc,marking  ] GC(2) Concurrent Mark
[2023-01-26T11:17:11.463-0300][gc,marking  ] GC(2) Concurrent Mark From Roots
[2023-01-26T11:17:11.463-0300][gc,task     ] GC(2) Using 2 workers of 2 for marking
[2023-01-26T11:17:11.465-0300][gc,marking  ] GC(2) Concurrent Mark From Roots 1.160ms
[2023-01-26T11:17:11.465-0300][gc,marking  ] GC(2) Concurrent Preclean
[2023-01-26T11:17:11.465-0300][gc,marking  ] GC(2) Concurrent Preclean 0.012ms
[2023-01-26T11:17:11.465-0300][gc,start    ] GC(2) Pause Remark
[2023-01-26T11:17:11.465-0300][gc          ] GC(2) Pause Remark 139M->139M(1024M) 0.846ms
[2023-01-26T11:17:11.465-0300][gc,cpu      ] GC(2) User=0.00s Sys=0.00s Real=0.00s
[2023-01-26T11:17:11.466-0300][gc,marking  ] GC(2) Concurrent Mark 2.150ms
[2023-01-26T11:17:11.466-0300][gc,marking  ] GC(2) Concurrent Rebuild Remembered Sets
[2023-01-26T11:17:11.467-0300][gc,marking  ] GC(2) Concurrent Rebuild Remembered Sets 1.224ms
[2023-01-26T11:17:11.467-0300][gc,start    ] GC(2) Pause Cleanup
[2023-01-26T11:17:11.467-0300][gc          ] GC(2) Pause Cleanup 139M->139M(1024M) 0.067ms
[2023-01-26T11:17:11.467-0300][gc,cpu      ] GC(2) User=0.00s Sys=0.00s Real=0.00s
[2023-01-26T11:17:11.467-0300][gc,marking  ] GC(2) Concurrent Cleanup for Next Mark
[2023-01-26T11:17:11.468-0300][gc,marking  ] GC(2) Concurrent Cleanup for Next Mark 1.398ms
[2023-01-26T11:17:11.468-0300][gc          ] GC(2) Concurrent Mark Cycle 6.228ms
[2023-01-26T11:17:11.745-0300][gc,start    ] GC(3) Pause Young (Normal) (G1 Evacuation Pause)
[2023-01-26T11:17:11.745-0300][gc,task     ] GC(3) Using 8 workers of 8 for evacuation
[2023-01-26T11:17:11.747-0300][gc,phases   ] GC(3)   Pre Evacuate Collection Set: 0.1ms
[2023-01-26T11:17:11.747-0300][gc,phases   ] GC(3)   Merge Heap Roots: 0.0ms
[2023-01-26T11:17:11.747-0300][gc,phases   ] GC(3)   Evacuate Collection Set: 1.8ms
[2023-01-26T11:17:11.747-0300][gc,phases   ] GC(3)   Post Evacuate Collection Set: 0.2ms
[2023-01-26T11:17:11.747-0300][gc,phases   ] GC(3)   Other: 0.1ms
[2023-01-26T11:17:11.747-0300][gc,heap     ] GC(3) Eden regions: 49->0(45)
[2023-01-26T11:17:11.747-0300][gc,heap     ] GC(3) Survivor regions: 2->6(7)
[2023-01-26T11:17:11.747-0300][gc,heap     ] GC(3) Old regions: 8->8
[2023-01-26T11:17:11.747-0300][gc,heap     ] GC(3) Archive regions: 2->2
[2023-01-26T11:17:11.747-0300][gc,heap     ] GC(3) Humongous regions: 129->129
[2023-01-26T11:17:11.747-0300][gc,metaspace] GC(3) Metaspace: 32568K(32832K)->32568K(32832K) NonClass: 28847K(28992K)->28847K(28992K) Class: 3721K(3840K)->3721K(3840K)
[2023-01-26T11:17:11.747-0300][gc          ] GC(3) Pause Young (Normal) (G1 Evacuation Pause) 187M->142M(1024M) 2.265ms
[2023-01-26T11:17:11.747-0300][gc,cpu      ] GC(3) User=0.01s Sys=0.00s Real=0.00s
[2023-01-26T11:35:05.200-0300][gc,start    ] GC(4) Pause Young (Concurrent Start) (Metadata GC Threshold)
[2023-01-26T11:35:05.200-0300][gc,task     ] GC(4) Using 8 workers of 8 for evacuation
[2023-01-26T11:35:05.203-0300][gc,phases   ] GC(4)   Pre Evacuate Collection Set: 0.2ms
[2023-01-26T11:35:05.203-0300][gc,phases   ] GC(4)   Merge Heap Roots: 0.0ms
[2023-01-26T11:35:05.203-0300][gc,phases   ] GC(4)   Evacuate Collection Set: 2.2ms
[2023-01-26T11:35:05.203-0300][gc,phases   ] GC(4)   Post Evacuate Collection Set: 0.2ms
[2023-01-26T11:35:05.203-0300][gc,phases   ] GC(4)   Other: 0.5ms
[2023-01-26T11:35:05.203-0300][gc,heap     ] GC(4) Eden regions: 23->0(49)
[2023-01-26T11:35:05.203-0300][gc,heap     ] GC(4) Survivor regions: 6->2(7)
[2023-01-26T11:35:05.203-0300][gc,heap     ] GC(4) Old regions: 8->13
[2023-01-26T11:35:05.203-0300][gc,heap     ] GC(4) Archive regions: 2->2
[2023-01-26T11:35:05.203-0300][gc,heap     ] GC(4) Humongous regions: 129->129
[2023-01-26T11:35:05.203-0300][gc,metaspace] GC(4) Metaspace: 35796K(36096K)->35796K(36096K) NonClass: 31585K(31744K)->31585K(31744K) Class: 4211K(4352K)->4211K(4352K)
[2023-01-26T11:35:05.203-0300][gc          ] GC(4) Pause Young (Concurrent Start) (Metadata GC Threshold) 165M->143M(1024M) 3.396ms
[2023-01-26T11:35:05.203-0300][gc,cpu      ] GC(4) User=0.02s Sys=0.01s Real=0.00s
[2023-01-26T11:35:05.203-0300][gc          ] GC(5) Concurrent Mark Cycle
[2023-01-26T11:35:05.203-0300][gc,marking  ] GC(5) Concurrent Clear Claimed Marks
[2023-01-26T11:35:05.203-0300][gc,marking  ] GC(5) Concurrent Clear Claimed Marks 0.014ms
[2023-01-26T11:35:05.203-0300][gc,marking  ] GC(5) Concurrent Scan Root Regions
[2023-01-26T11:35:05.205-0300][gc,marking  ] GC(5) Concurrent Scan Root Regions 1.558ms
[2023-01-26T11:35:05.207-0300][gc,marking  ] GC(5) Concurrent Mark
[2023-01-26T11:35:05.207-0300][gc,marking  ] GC(5) Concurrent Mark From Roots
[2023-01-26T11:35:05.207-0300][gc,task     ] GC(5) Using 2 workers of 2 for marking
[2023-01-26T11:35:05.211-0300][gc,marking  ] GC(5) Concurrent Mark From Roots 3.339ms
[2023-01-26T11:35:05.211-0300][gc,marking  ] GC(5) Concurrent Preclean
[2023-01-26T11:35:05.211-0300][gc,marking  ] GC(5) Concurrent Preclean 0.121ms
[2023-01-26T11:35:05.211-0300][gc,start    ] GC(5) Pause Remark
[2023-01-26T11:35:05.214-0300][gc          ] GC(5) Pause Remark 144M->144M(1024M) 3.610ms
[2023-01-26T11:35:05.214-0300][gc,cpu      ] GC(5) User=0.01s Sys=0.01s Real=0.00s
[2023-01-26T11:35:05.214-0300][gc,marking  ] GC(5) Concurrent Mark 7.348ms
[2023-01-26T11:35:05.215-0300][gc,marking  ] GC(5) Concurrent Rebuild Remembered Sets
[2023-01-26T11:35:05.218-0300][gc,marking  ] GC(5) Concurrent Rebuild Remembered Sets 3.334ms
[2023-01-26T11:35:05.218-0300][gc,start    ] GC(5) Pause Cleanup
[2023-01-26T11:35:05.218-0300][gc          ] GC(5) Pause Cleanup 145M->145M(1024M) 0.083ms
[2023-01-26T11:35:05.218-0300][gc,cpu      ] GC(5) User=0.00s Sys=0.00s Real=0.00s
[2023-01-26T11:35:05.218-0300][gc,marking  ] GC(5) Concurrent Cleanup for Next Mark
[2023-01-26T11:35:05.220-0300][gc,marking  ] GC(5) Concurrent Cleanup for Next Mark 1.545ms
[2023-01-26T11:35:05.223-0300][gc          ] GC(5) Concurrent Mark Cycle 19.974ms
[2023-01-26T11:40:36.047-0300][gc,start    ] GC(6) Pause Young (Prepare Mixed) (G1 Evacuation Pause)
[2023-01-26T11:40:36.049-0300][gc,task     ] GC(6) Using 8 workers of 8 for evacuation
[2023-01-26T11:40:36.084-0300][gc,mmu      ] GC(6) MMU target violated: 21.0ms (20.0ms/21.0ms)
[2023-01-26T11:40:36.084-0300][gc,phases   ] GC(6)   Pre Evacuate Collection Set: 1.1ms
[2023-01-26T11:40:36.084-0300][gc,phases   ] GC(6)   Merge Heap Roots: 0.4ms
[2023-01-26T11:40:36.084-0300][gc,phases   ] GC(6)   Evacuate Collection Set: 33.1ms
[2023-01-26T11:40:36.084-0300][gc,phases   ] GC(6)   Post Evacuate Collection Set: 1.0ms
[2023-01-26T11:40:36.085-0300][gc,phases   ] GC(6)   Other: 2.5ms
[2023-01-26T11:40:36.085-0300][gc,heap     ] GC(6) Eden regions: 49->0(46)
[2023-01-26T11:40:36.085-0300][gc,heap     ] GC(6) Survivor regions: 2->5(7)
[2023-01-26T11:40:36.085-0300][gc,heap     ] GC(6) Old regions: 13->13
[2023-01-26T11:40:36.085-0300][gc,heap     ] GC(6) Archive regions: 2->2
[2023-01-26T11:40:36.085-0300][gc,heap     ] GC(6) Humongous regions: 129->129
[2023-01-26T11:40:36.085-0300][gc,metaspace] GC(6) Metaspace: 40121K(40704K)->40121K(40704K) NonClass: 35343K(35648K)->35343K(35648K) Class: 4777K(5056K)->4777K(5056K)
[2023-01-26T11:40:36.085-0300][gc          ] GC(6) Pause Young (Prepare Mixed) (G1 Evacuation Pause) 192M->147M(1024M) 38.016ms
[2023-01-26T11:40:36.085-0300][gc,cpu      ] GC(6) User=0.05s Sys=0.08s Real=0.04s
[2023-01-26T11:53:55.208-0300][gc,start    ] GC(7) Pause Young (Mixed) (G1 Evacuation Pause)
[2023-01-26T11:53:55.209-0300][gc,task     ] GC(7) Using 8 workers of 8 for evacuation
[2023-01-26T11:53:55.234-0300][gc,mmu      ] GC(7) MMU target violated: 21.0ms (20.0ms/21.0ms)
[2023-01-26T11:53:55.234-0300][gc,phases   ] GC(7)   Pre Evacuate Collection Set: 0.4ms
[2023-01-26T11:53:55.234-0300][gc,phases   ] GC(7)   Merge Heap Roots: 0.3ms
[2023-01-26T11:53:55.234-0300][gc,phases   ] GC(7)   Evacuate Collection Set: 23.4ms
[2023-01-26T11:53:55.234-0300][gc,phases   ] GC(7)   Post Evacuate Collection Set: 0.6ms
[2023-01-26T11:53:55.234-0300][gc,phases   ] GC(7)   Other: 1.5ms
[2023-01-26T11:53:55.234-0300][gc,heap     ] GC(7) Eden regions: 46->0(48)
[2023-01-26T11:53:55.234-0300][gc,heap     ] GC(7) Survivor regions: 5->3(7)
[2023-01-26T11:53:55.234-0300][gc,heap     ] GC(7) Old regions: 13->16
[2023-01-26T11:53:55.234-0300][gc,heap     ] GC(7) Archive regions: 2->2
[2023-01-26T11:53:55.234-0300][gc,heap     ] GC(7) Humongous regions: 129->129
[2023-01-26T11:53:55.234-0300][gc,metaspace] GC(7) Metaspace: 40959K(41600K)->40959K(41600K) NonClass: 36049K(36416K)->36049K(36416K) Class: 4910K(5184K)->4910K(5184K)
[2023-01-26T11:53:55.234-0300][gc          ] GC(7) Pause Young (Mixed) (G1 Evacuation Pause) 193M->147M(1024M) 26.236ms
[2023-01-26T11:53:55.234-0300][gc,cpu      ] GC(7) User=0.04s Sys=0.01s Real=0.03s
[2023-01-26T12:08:32.242-0300][gc,start    ] GC(8) Pause Young (Normal) (G1 Evacuation Pause)
[2023-01-26T12:08:32.244-0300][gc,task     ] GC(8) Using 8 workers of 8 for evacuation
[2023-01-26T12:08:32.261-0300][gc,phases   ] GC(8)   Pre Evacuate Collection Set: 0.8ms
[2023-01-26T12:08:32.261-0300][gc,phases   ] GC(8)   Merge Heap Roots: 0.2ms
[2023-01-26T12:08:32.261-0300][gc,phases   ] GC(8)   Evacuate Collection Set: 15.1ms
[2023-01-26T12:08:32.261-0300][gc,phases   ] GC(8)   Post Evacuate Collection Set: 0.5ms
[2023-01-26T12:08:32.261-0300][gc,phases   ] GC(8)   Other: 2.2ms
[2023-01-26T12:08:32.261-0300][gc,heap     ] GC(8) Eden regions: 48->0(46)
[2023-01-26T12:08:32.261-0300][gc,heap     ] GC(8) Survivor regions: 3->5(7)
[2023-01-26T12:08:32.261-0300][gc,heap     ] GC(8) Old regions: 16->16
[2023-01-26T12:08:32.261-0300][gc,heap     ] GC(8) Archive regions: 2->2
[2023-01-26T12:08:32.261-0300][gc,heap     ] GC(8) Humongous regions: 129->129
[2023-01-26T12:08:32.261-0300][gc,metaspace] GC(8) Metaspace: 41109K(41664K)->41109K(41664K) NonClass: 36199K(36480K)->36199K(36480K) Class: 4910K(5184K)->4910K(5184K)
[2023-01-26T12:08:32.261-0300][gc          ] GC(8) Pause Young (Normal) (G1 Evacuation Pause) 195M->149M(1024M) 18.770ms
[2023-01-26T12:08:32.261-0300][gc,cpu      ] GC(8) User=0.04s Sys=0.02s Real=0.02s
[2023-01-26T12:25:25.185-0300][gc,start    ] GC(9) Pause Young (Normal) (G1 Evacuation Pause)
[2023-01-26T12:25:25.187-0300][gc,task     ] GC(9) Using 8 workers of 8 for evacuation
[2023-01-26T12:25:25.206-0300][gc,phases   ] GC(9)   Pre Evacuate Collection Set: 0.7ms
[2023-01-26T12:25:25.206-0300][gc,phases   ] GC(9)   Merge Heap Roots: 0.3ms
[2023-01-26T12:25:25.206-0300][gc,phases   ] GC(9)   Evacuate Collection Set: 17.9ms
[2023-01-26T12:25:25.206-0300][gc,phases   ] GC(9)   Post Evacuate Collection Set: 0.6ms
[2023-01-26T12:25:25.206-0300][gc,phases   ] GC(9)   Other: 2.2ms
[2023-01-26T12:25:25.206-0300][gc,heap     ] GC(9) Eden regions: 46->0(44)
[2023-01-26T12:25:25.206-0300][gc,heap     ] GC(9) Survivor regions: 5->7(7)
[2023-01-26T12:25:25.206-0300][gc,heap     ] GC(9) Old regions: 16->17
[2023-01-26T12:25:25.206-0300][gc,heap     ] GC(9) Archive regions: 2->2
[2023-01-26T12:25:25.206-0300][gc,heap     ] GC(9) Humongous regions: 129->129
[2023-01-26T12:25:25.206-0300][gc,metaspace] GC(9) Metaspace: 41263K(41856K)->41263K(41856K) NonClass: 36341K(36672K)->36341K(36672K) Class: 4921K(5184K)->4921K(5184K)
[2023-01-26T12:25:25.206-0300][gc          ] GC(9) Pause Young (Normal) (G1 Evacuation Pause) 195M->152M(1024M) 21.700ms
[2023-01-26T12:25:25.206-0300][gc,cpu      ] GC(9) User=0.04s Sys=0.02s Real=0.02s
[2023-01-26T12:39:10.252-0300][gc,start    ] GC(10) Pause Young (Normal) (G1 Evacuation Pause)
[2023-01-26T12:39:10.254-0300][gc,task     ] GC(10) Using 8 workers of 8 for evacuation
[2023-01-26T12:39:10.270-0300][gc,phases   ] GC(10)   Pre Evacuate Collection Set: 0.6ms
[2023-01-26T12:39:10.270-0300][gc,phases   ] GC(10)   Merge Heap Roots: 0.4ms
[2023-01-26T12:39:10.271-0300][gc,phases   ] GC(10)   Evacuate Collection Set: 14.2ms
[2023-01-26T12:39:10.271-0300][gc,phases   ] GC(10)   Post Evacuate Collection Set: 0.5ms
[2023-01-26T12:39:10.271-0300][gc,phases   ] GC(10)   Other: 3.1ms
[2023-01-26T12:39:10.271-0300][gc,heap     ] GC(10) Eden regions: 44->0(56)
[2023-01-26T12:39:10.271-0300][gc,heap     ] GC(10) Survivor regions: 7->3(7)
[2023-01-26T12:39:10.271-0300][gc,heap     ] GC(10) Old regions: 17->22
[2023-01-26T12:39:10.271-0300][gc,heap     ] GC(10) Archive regions: 2->2
[2023-01-26T12:39:10.271-0300][gc,heap     ] GC(10) Humongous regions: 129->129
[2023-01-26T12:39:10.271-0300][gc,metaspace] GC(10) Metaspace: 41289K(41856K)->41289K(41856K) NonClass: 36367K(36672K)->36367K(36672K) Class: 4921K(5184K)->4921K(5184K)
[2023-01-26T12:39:10.271-0300][gc          ] GC(10) Pause Young (Normal) (G1 Evacuation Pause) 196M->153M(1024M) 18.924ms
[2023-01-26T12:39:10.271-0300][gc,cpu      ] GC(10) User=0.03s Sys=0.01s Real=0.02s
[2023-01-26T13:22:29.501-0300][gc,start    ] GC(11) Pause Young (Normal) (G1 Evacuation Pause)
[2023-01-26T13:22:29.502-0300][gc,task     ] GC(11) Using 8 workers of 8 for evacuation
[2023-01-26T13:22:29.521-0300][gc,phases   ] GC(11)   Pre Evacuate Collection Set: 0.8ms
[2023-01-26T13:22:29.521-0300][gc,phases   ] GC(11)   Merge Heap Roots: 0.2ms
[2023-01-26T13:22:29.521-0300][gc,phases   ] GC(11)   Evacuate Collection Set: 17.2ms
[2023-01-26T13:22:29.521-0300][gc,phases   ] GC(11)   Post Evacuate Collection Set: 0.5ms
[2023-01-26T13:22:29.521-0300][gc,phases   ] GC(11)   Other: 1.2ms
[2023-01-26T13:22:29.521-0300][gc,heap     ] GC(11) Eden regions: 56->0(50)
[2023-01-26T13:22:29.521-0300][gc,heap     ] GC(11) Survivor regions: 3->5(8)
[2023-01-26T13:22:29.521-0300][gc,heap     ] GC(11) Old regions: 22->22
[2023-01-26T13:22:29.521-0300][gc,heap     ] GC(11) Archive regions: 2->2
[2023-01-26T13:22:29.521-0300][gc,heap     ] GC(11) Humongous regions: 129->129
[2023-01-26T13:22:29.521-0300][gc,metaspace] GC(11) Metaspace: 41308K(41920K)->41308K(41920K) NonClass: 36386K(36736K)->36386K(36736K) Class: 4921K(5184K)->4921K(5184K)
[2023-01-26T13:22:29.521-0300][gc          ] GC(11) Pause Young (Normal) (G1 Evacuation Pause) 209M->155M(1024M) 19.818ms
[2023-01-26T13:22:29.521-0300][gc,cpu      ] GC(11) User=0.04s Sys=0.00s Real=0.02s
[2023-01-26T13:38:13.138-0300][gc,start    ] GC(12) Pause Young (Normal) (G1 Evacuation Pause)
[2023-01-26T13:38:13.138-0300][gc,task     ] GC(12) Using 8 workers of 8 for evacuation
[2023-01-26T13:38:13.149-0300][gc,phases   ] GC(12)   Pre Evacuate Collection Set: 0.2ms
[2023-01-26T13:38:13.149-0300][gc,phases   ] GC(12)   Merge Heap Roots: 0.1ms
[2023-01-26T13:38:13.149-0300][gc,phases   ] GC(12)   Evacuate Collection Set: 9.6ms
[2023-01-26T13:38:13.149-0300][gc,phases   ] GC(12)   Post Evacuate Collection Set: 0.7ms
[2023-01-26T13:38:13.149-0300][gc,phases   ] GC(12)   Other: 0.5ms
[2023-01-26T13:38:13.149-0300][gc,heap     ] GC(12) Eden regions: 50->0(90)
[2023-01-26T13:38:13.149-0300][gc,heap     ] GC(12) Survivor regions: 5->5(7)
[2023-01-26T13:38:13.149-0300][gc,heap     ] GC(12) Old regions: 22->22
[2023-01-26T13:38:13.149-0300][gc,heap     ] GC(12) Archive regions: 2->2
[2023-01-26T13:38:13.149-0300][gc,heap     ] GC(12) Humongous regions: 129->129
[2023-01-26T13:38:13.149-0300][gc,metaspace] GC(12) Metaspace: 41315K(41920K)->41315K(41920K) NonClass: 36393K(36736K)->36393K(36736K) Class: 4921K(5184K)->4921K(5184K)
[2023-01-26T13:38:13.149-0300][gc          ] GC(12) Pause Young (Normal) (G1 Evacuation Pause) 205M->156M(1024M) 11.284ms
[2023-01-26T13:38:13.149-0300][gc,cpu      ] GC(12) User=0.02s Sys=0.00s Real=0.01s
[2023-01-26T14:05:53.165-0300][gc,start    ] GC(13) Pause Young (Normal) (G1 Evacuation Pause)
[2023-01-26T14:05:53.166-0300][gc,task     ] GC(13) Using 8 workers of 8 for evacuation
[2023-01-26T14:05:53.191-0300][gc,mmu      ] GC(13) MMU target violated: 21.0ms (20.0ms/21.0ms)
[2023-01-26T14:05:53.191-0300][gc,phases   ] GC(13)   Pre Evacuate Collection Set: 0.9ms
[2023-01-26T14:05:53.191-0300][gc,phases   ] GC(13)   Merge Heap Roots: 0.3ms
[2023-01-26T14:05:53.191-0300][gc,phases   ] GC(13)   Evacuate Collection Set: 22.5ms
[2023-01-26T14:05:53.191-0300][gc,phases   ] GC(13)   Post Evacuate Collection Set: 0.6ms
[2023-01-26T14:05:53.191-0300][gc,phases   ] GC(13)   Other: 2.3ms
[2023-01-26T14:05:53.191-0300][gc,heap     ] GC(13) Eden regions: 90->0(47)
[2023-01-26T14:05:53.191-0300][gc,heap     ] GC(13) Survivor regions: 5->8(12)
[2023-01-26T14:05:53.191-0300][gc,heap     ] GC(13) Old regions: 22->22
[2023-01-26T14:05:53.191-0300][gc,heap     ] GC(13) Archive regions: 2->2
[2023-01-26T14:05:53.191-0300][gc,heap     ] GC(13) Humongous regions: 129->129
[2023-01-26T14:05:53.191-0300][gc,metaspace] GC(13) Metaspace: 41335K(41920K)->41335K(41920K) NonClass: 36413K(36736K)->36413K(36736K) Class: 4921K(5184K)->4921K(5184K)
[2023-01-26T14:05:53.191-0300][gc          ] GC(13) Pause Young (Normal) (G1 Evacuation Pause) 246M->159M(1024M) 26.584ms
[2023-01-26T14:05:53.191-0300][gc,cpu      ] GC(13) User=0.04s Sys=0.05s Real=0.03s
[2023-01-26T14:24:43.723-0300][gc,start    ] GC(14) Pause Young (Normal) (G1 Evacuation Pause)
[2023-01-26T14:24:43.724-0300][gc,task     ] GC(14) Using 8 workers of 8 for evacuation
[2023-01-26T14:24:43.738-0300][gc,phases   ] GC(14)   Pre Evacuate Collection Set: 0.3ms
[2023-01-26T14:24:43.738-0300][gc,phases   ] GC(14)   Merge Heap Roots: 0.2ms
[2023-01-26T14:24:43.738-0300][gc,phases   ] GC(14)   Evacuate Collection Set: 13.5ms
[2023-01-26T14:24:43.738-0300][gc,phases   ] GC(14)   Post Evacuate Collection Set: 0.3ms
[2023-01-26T14:24:43.738-0300][gc,phases   ] GC(14)   Other: 1.1ms
[2023-01-26T14:24:43.738-0300][gc,heap     ] GC(14) Eden regions: 47->0(136)
[2023-01-26T14:24:43.738-0300][gc,heap     ] GC(14) Survivor regions: 8->3(7)
[2023-01-26T14:24:43.738-0300][gc,heap     ] GC(14) Old regions: 22->27
[2023-01-26T14:24:43.738-0300][gc,heap     ] GC(14) Archive regions: 2->2
[2023-01-26T14:24:43.738-0300][gc,heap     ] GC(14) Humongous regions: 129->129
[2023-01-26T14:24:43.738-0300][gc,metaspace] GC(14) Metaspace: 41366K(41984K)->41366K(41984K) NonClass: 36444K(36800K)->36444K(36800K) Class: 4921K(5184K)->4921K(5184K)
[2023-01-26T14:24:43.738-0300][gc          ] GC(14) Pause Young (Normal) (G1 Evacuation Pause) 206M->159M(1024M) 15.402ms
[2023-01-26T14:24:43.738-0300][gc,cpu      ] GC(14) User=0.02s Sys=0.01s Real=0.01s
[2023-01-26T14:29:00.336-0300][gc,heap,exit] Heap
[2023-01-26T14:29:00.336-0300][gc,heap,exit]  garbage-first heap   total 1048576K, used 187766K [0x00000007c0000000, 0x0000000800000000)
[2023-01-26T14:29:00.336-0300][gc,heap,exit]   region size 1024K, 27 young (27648K), 3 survivors (3072K)
[2023-01-26T14:29:00.336-0300][gc,heap,exit]  Metaspace       used 42021K, committed 42560K, reserved 1089536K
[2023-01-26T14:29:00.336-0300][gc,heap,exit]   class space    used 5077K, committed 5312K, reserved 1048576K
