[2023-04-06T14:39:09.579-0300][gc] Using G1
[2023-04-06T14:39:09.580-0300][gc,init] Version: 17.0.4.1+9-LTS (release)
[2023-04-06T14:39:09.580-0300][gc,init] CPUs: 8 total, 8 available
[2023-04-06T14:39:09.580-0300][gc,init] Memory: 16384M
[2023-04-06T14:39:09.580-0300][gc,init] Large Page Support: Disabled
[2023-04-06T14:39:09.580-0300][gc,init] NUMA Support: Disabled
[2023-04-06T14:39:09.580-0300][gc,init] Compressed Oops: Enabled (Zero based)
[2023-04-06T14:39:09.580-0300][gc,init] Heap Region Size: 1M
[2023-04-06T14:39:09.580-0300][gc,init] Heap Min Capacity: 1G
[2023-04-06T14:39:09.580-0300][gc,init] Heap Initial Capacity: 1G
[2023-04-06T14:39:09.580-0300][gc,init] Heap Max Capacity: 1G
[2023-04-06T14:39:09.580-0300][gc,init] Pre-touch: Disabled
[2023-04-06T14:39:09.580-0300][gc,init] Parallel Workers: 8
[2023-04-06T14:39:09.580-0300][gc,init] Concurrent Workers: 2
[2023-04-06T14:39:09.580-0300][gc,init] Concurrent Refinement Workers: 8
[2023-04-06T14:39:09.580-0300][gc,init] Periodic GC: Disabled
[2023-04-06T14:39:09.580-0300][gc,metaspace] CDS archive(s) mapped at: [0x0000000800000000-0x0000000800bd8000-0x0000000800bd8000), size 12419072, SharedBaseAddress: 0x0000000800000000, ArchiveRelocationMode: 0.
[2023-04-06T14:39:09.580-0300][gc,metaspace] Compressed class space mapped at: 0x0000000800c00000-0x0000000840c00000, reserved size: 1073741824
[2023-04-06T14:39:09.580-0300][gc,metaspace] Narrow klass base: 0x0000000800000000, Narrow klass shift: 0, Narrow klass range: 0x100000000
[2023-04-06T14:39:10.199-0300][gc,start    ] GC(0) Pause Young (Normal) (G1 Evacuation Pause)
[2023-04-06T14:39:10.199-0300][gc,task     ] GC(0) Using 8 workers of 8 for evacuation
[2023-04-06T14:39:10.201-0300][gc,phases   ] GC(0)   Pre Evacuate Collection Set: 0.1ms
[2023-04-06T14:39:10.201-0300][gc,phases   ] GC(0)   Merge Heap Roots: 0.0ms
[2023-04-06T14:39:10.201-0300][gc,phases   ] GC(0)   Evacuate Collection Set: 2.1ms
[2023-04-06T14:39:10.201-0300][gc,phases   ] GC(0)   Post Evacuate Collection Set: 0.2ms
[2023-04-06T14:39:10.201-0300][gc,phases   ] GC(0)   Other: 0.2ms
[2023-04-06T14:39:10.201-0300][gc,heap     ] GC(0) Eden regions: 51->0(44)
[2023-04-06T14:39:10.201-0300][gc,heap     ] GC(0) Survivor regions: 0->7(7)
[2023-04-06T14:39:10.201-0300][gc,heap     ] GC(0) Old regions: 0->1
[2023-04-06T14:39:10.201-0300][gc,heap     ] GC(0) Archive regions: 2->2
[2023-04-06T14:39:10.201-0300][gc,heap     ] GC(0) Humongous regions: 0->0
[2023-04-06T14:39:10.201-0300][gc,metaspace] GC(0) Metaspace: 18353K(18560K)->18353K(18560K) NonClass: 16132K(16256K)->16132K(16256K) Class: 2221K(2304K)->2221K(2304K)
[2023-04-06T14:39:10.201-0300][gc          ] GC(0) Pause Young (Normal) (G1 Evacuation Pause) 51M->8M(1024M) 2.741ms
[2023-04-06T14:39:10.201-0300][gc,cpu      ] GC(0) User=0.02s Sys=0.00s Real=0.01s
[2023-04-06T14:39:10.334-0300][gc,start    ] GC(1) Pause Young (Concurrent Start) (Metadata GC Threshold)
[2023-04-06T14:39:10.334-0300][gc,task     ] GC(1) Using 8 workers of 8 for evacuation
[2023-04-06T14:39:10.337-0300][gc,phases   ] GC(1)   Pre Evacuate Collection Set: 0.1ms
[2023-04-06T14:39:10.337-0300][gc,phases   ] GC(1)   Merge Heap Roots: 0.0ms
[2023-04-06T14:39:10.337-0300][gc,phases   ] GC(1)   Evacuate Collection Set: 2.7ms
[2023-04-06T14:39:10.337-0300][gc,phases   ] GC(1)   Post Evacuate Collection Set: 0.2ms
[2023-04-06T14:39:10.337-0300][gc,phases   ] GC(1)   Other: 0.1ms
[2023-04-06T14:39:10.337-0300][gc,heap     ] GC(1) Eden regions: 13->0(49)
[2023-04-06T14:39:10.337-0300][gc,heap     ] GC(1) Survivor regions: 7->2(7)
[2023-04-06T14:39:10.337-0300][gc,heap     ] GC(1) Old regions: 1->8
[2023-04-06T14:39:10.337-0300][gc,heap     ] GC(1) Archive regions: 2->2
[2023-04-06T14:39:10.337-0300][gc,heap     ] GC(1) Humongous regions: 129->129
[2023-04-06T14:39:10.337-0300][gc,metaspace] GC(1) Metaspace: 21231K(21504K)->21231K(21504K) NonClass: 18632K(18752K)->18632K(18752K) Class: 2599K(2752K)->2599K(2752K)
[2023-04-06T14:39:10.337-0300][gc          ] GC(1) Pause Young (Concurrent Start) (Metadata GC Threshold) 149M->138M(1024M) 3.268ms
[2023-04-06T14:39:10.337-0300][gc,cpu      ] GC(1) User=0.01s Sys=0.01s Real=0.00s
[2023-04-06T14:39:10.337-0300][gc          ] GC(2) Concurrent Mark Cycle
[2023-04-06T14:39:10.337-0300][gc,marking  ] GC(2) Concurrent Clear Claimed Marks
[2023-04-06T14:39:10.337-0300][gc,marking  ] GC(2) Concurrent Clear Claimed Marks 0.012ms
[2023-04-06T14:39:10.337-0300][gc,marking  ] GC(2) Concurrent Scan Root Regions
[2023-04-06T14:39:10.338-0300][gc,marking  ] GC(2) Concurrent Scan Root Regions 1.228ms
[2023-04-06T14:39:10.338-0300][gc,marking  ] GC(2) Concurrent Mark
[2023-04-06T14:39:10.338-0300][gc,marking  ] GC(2) Concurrent Mark From Roots
[2023-04-06T14:39:10.338-0300][gc,task     ] GC(2) Using 2 workers of 2 for marking
[2023-04-06T14:39:10.339-0300][gc,marking  ] GC(2) Concurrent Mark From Roots 1.122ms
[2023-04-06T14:39:10.339-0300][gc,marking  ] GC(2) Concurrent Preclean
[2023-04-06T14:39:10.339-0300][gc,marking  ] GC(2) Concurrent Preclean 0.013ms
[2023-04-06T14:39:10.340-0300][gc,start    ] GC(2) Pause Remark
[2023-04-06T14:39:10.340-0300][gc          ] GC(2) Pause Remark 139M->139M(1024M) 0.845ms
[2023-04-06T14:39:10.340-0300][gc,cpu      ] GC(2) User=0.00s Sys=0.00s Real=0.00s
[2023-04-06T14:39:10.340-0300][gc,marking  ] GC(2) Concurrent Mark 2.123ms
[2023-04-06T14:39:10.340-0300][gc,marking  ] GC(2) Concurrent Rebuild Remembered Sets
[2023-04-06T14:39:10.342-0300][gc,marking  ] GC(2) Concurrent Rebuild Remembered Sets 1.294ms
[2023-04-06T14:39:10.342-0300][gc,start    ] GC(2) Pause Cleanup
[2023-04-06T14:39:10.342-0300][gc          ] GC(2) Pause Cleanup 139M->139M(1024M) 0.064ms
[2023-04-06T14:39:10.342-0300][gc,cpu      ] GC(2) User=0.01s Sys=0.00s Real=0.00s
[2023-04-06T14:39:10.342-0300][gc,marking  ] GC(2) Concurrent Cleanup for Next Mark
[2023-04-06T14:39:10.343-0300][gc,marking  ] GC(2) Concurrent Cleanup for Next Mark 1.311ms
[2023-04-06T14:39:10.343-0300][gc          ] GC(2) Concurrent Mark Cycle 6.138ms
[2023-04-06T14:39:10.614-0300][gc,start    ] GC(3) Pause Young (Normal) (G1 Evacuation Pause)
[2023-04-06T14:39:10.614-0300][gc,task     ] GC(3) Using 8 workers of 8 for evacuation
[2023-04-06T14:39:10.616-0300][gc,phases   ] GC(3)   Pre Evacuate Collection Set: 0.1ms
[2023-04-06T14:39:10.616-0300][gc,phases   ] GC(3)   Merge Heap Roots: 0.0ms
[2023-04-06T14:39:10.616-0300][gc,phases   ] GC(3)   Evacuate Collection Set: 2.1ms
[2023-04-06T14:39:10.616-0300][gc,phases   ] GC(3)   Post Evacuate Collection Set: 0.2ms
[2023-04-06T14:39:10.616-0300][gc,phases   ] GC(3)   Other: 0.1ms
[2023-04-06T14:39:10.616-0300][gc,heap     ] GC(3) Eden regions: 49->0(45)
[2023-04-06T14:39:10.617-0300][gc,heap     ] GC(3) Survivor regions: 2->6(7)
[2023-04-06T14:39:10.617-0300][gc,heap     ] GC(3) Old regions: 8->8
[2023-04-06T14:39:10.617-0300][gc,heap     ] GC(3) Archive regions: 2->2
[2023-04-06T14:39:10.617-0300][gc,heap     ] GC(3) Humongous regions: 129->129
[2023-04-06T14:39:10.617-0300][gc,metaspace] GC(3) Metaspace: 32616K(32896K)->32616K(32896K) NonClass: 28888K(29056K)->28888K(29056K) Class: 3727K(3840K)->3727K(3840K)
[2023-04-06T14:39:10.617-0300][gc          ] GC(3) Pause Young (Normal) (G1 Evacuation Pause) 187M->142M(1024M) 2.530ms
[2023-04-06T14:39:10.617-0300][gc,cpu      ] GC(3) User=0.01s Sys=0.00s Real=0.00s
[2023-04-06T14:39:45.966-0300][gc,start    ] GC(4) Pause Young (Concurrent Start) (Metadata GC Threshold)
[2023-04-06T14:39:45.966-0300][gc,task     ] GC(4) Using 8 workers of 8 for evacuation
[2023-04-06T14:39:45.968-0300][gc,phases   ] GC(4)   Pre Evacuate Collection Set: 0.1ms
[2023-04-06T14:39:45.968-0300][gc,phases   ] GC(4)   Merge Heap Roots: 0.0ms
[2023-04-06T14:39:45.968-0300][gc,phases   ] GC(4)   Evacuate Collection Set: 2.0ms
[2023-04-06T14:39:45.968-0300][gc,phases   ] GC(4)   Post Evacuate Collection Set: 0.2ms
[2023-04-06T14:39:45.968-0300][gc,phases   ] GC(4)   Other: 0.1ms
[2023-04-06T14:39:45.968-0300][gc,heap     ] GC(4) Eden regions: 16->0(49)
[2023-04-06T14:39:45.968-0300][gc,heap     ] GC(4) Survivor regions: 6->2(7)
[2023-04-06T14:39:45.968-0300][gc,heap     ] GC(4) Old regions: 8->13
[2023-04-06T14:39:45.968-0300][gc,heap     ] GC(4) Archive regions: 2->2
[2023-04-06T14:39:45.968-0300][gc,heap     ] GC(4) Humongous regions: 129->129
[2023-04-06T14:39:45.968-0300][gc,metaspace] GC(4) Metaspace: 35732K(36096K)->35732K(36096K) NonClass: 31474K(31680K)->31474K(31680K) Class: 4257K(4416K)->4257K(4416K)
[2023-04-06T14:39:45.968-0300][gc          ] GC(4) Pause Young (Concurrent Start) (Metadata GC Threshold) 158M->143M(1024M) 2.602ms
[2023-04-06T14:39:45.968-0300][gc,cpu      ] GC(4) User=0.02s Sys=0.00s Real=0.00s
[2023-04-06T14:39:45.968-0300][gc          ] GC(5) Concurrent Mark Cycle
[2023-04-06T14:39:45.968-0300][gc,marking  ] GC(5) Concurrent Clear Claimed Marks
[2023-04-06T14:39:45.968-0300][gc,marking  ] GC(5) Concurrent Clear Claimed Marks 0.011ms
[2023-04-06T14:39:45.968-0300][gc,marking  ] GC(5) Concurrent Scan Root Regions
[2023-04-06T14:39:45.970-0300][gc,marking  ] GC(5) Concurrent Scan Root Regions 1.550ms
[2023-04-06T14:39:45.970-0300][gc,marking  ] GC(5) Concurrent Mark
[2023-04-06T14:39:45.970-0300][gc,marking  ] GC(5) Concurrent Mark From Roots
[2023-04-06T14:39:45.970-0300][gc,task     ] GC(5) Using 2 workers of 2 for marking
[2023-04-06T14:39:45.973-0300][gc,marking  ] GC(5) Concurrent Mark From Roots 2.861ms
[2023-04-06T14:39:45.973-0300][gc,marking  ] GC(5) Concurrent Preclean
[2023-04-06T14:39:45.973-0300][gc,marking  ] GC(5) Concurrent Preclean 0.030ms
[2023-04-06T14:39:45.973-0300][gc,start    ] GC(5) Pause Remark
[2023-04-06T14:39:45.974-0300][gc          ] GC(5) Pause Remark 144M->144M(1024M) 0.852ms
[2023-04-06T14:39:45.974-0300][gc,cpu      ] GC(5) User=0.01s Sys=0.00s Real=0.00s
[2023-04-06T14:39:45.974-0300][gc,marking  ] GC(5) Concurrent Mark 3.878ms
[2023-04-06T14:39:45.974-0300][gc,marking  ] GC(5) Concurrent Rebuild Remembered Sets
[2023-04-06T14:39:45.976-0300][gc,marking  ] GC(5) Concurrent Rebuild Remembered Sets 2.484ms
[2023-04-06T14:39:45.976-0300][gc,start    ] GC(5) Pause Cleanup
[2023-04-06T14:39:45.976-0300][gc          ] GC(5) Pause Cleanup 144M->144M(1024M) 0.086ms
[2023-04-06T14:39:45.976-0300][gc,cpu      ] GC(5) User=0.01s Sys=0.00s Real=0.00s
[2023-04-06T14:39:45.976-0300][gc,marking  ] GC(5) Concurrent Cleanup for Next Mark
[2023-04-06T14:39:45.978-0300][gc,marking  ] GC(5) Concurrent Cleanup for Next Mark 1.458ms
[2023-04-06T14:39:45.978-0300][gc          ] GC(5) Concurrent Mark Cycle 9.715ms
[2023-04-06T14:42:40.458-0300][gc,start    ] GC(6) Pause Young (Normal) (G1 Evacuation Pause)
[2023-04-06T14:42:40.458-0300][gc,task     ] GC(6) Using 8 workers of 8 for evacuation
[2023-04-06T14:42:40.463-0300][gc,phases   ] GC(6)   Pre Evacuate Collection Set: 0.3ms
[2023-04-06T14:42:40.463-0300][gc,phases   ] GC(6)   Merge Heap Roots: 0.2ms
[2023-04-06T14:42:40.463-0300][gc,phases   ] GC(6)   Evacuate Collection Set: 3.6ms
[2023-04-06T14:42:40.463-0300][gc,phases   ] GC(6)   Post Evacuate Collection Set: 0.5ms
[2023-04-06T14:42:40.463-0300][gc,phases   ] GC(6)   Other: 0.3ms
[2023-04-06T14:42:40.463-0300][gc,heap     ] GC(6) Eden regions: 49->0(46)
[2023-04-06T14:42:40.463-0300][gc,heap     ] GC(6) Survivor regions: 2->5(7)
[2023-04-06T14:42:40.463-0300][gc,heap     ] GC(6) Old regions: 13->13
[2023-04-06T14:42:40.463-0300][gc,heap     ] GC(6) Archive regions: 2->2
[2023-04-06T14:42:40.463-0300][gc,heap     ] GC(6) Humongous regions: 129->129
[2023-04-06T14:42:40.463-0300][gc,metaspace] GC(6) Metaspace: 40878K(41472K)->40878K(41472K) NonClass: 35923K(36224K)->35923K(36224K) Class: 4954K(5248K)->4954K(5248K)
[2023-04-06T14:42:40.463-0300][gc          ] GC(6) Pause Young (Normal) (G1 Evacuation Pause) 192M->147M(1024M) 5.011ms
[2023-04-06T14:42:40.463-0300][gc,cpu      ] GC(6) User=0.03s Sys=0.00s Real=0.01s
[2023-04-06T14:44:54.029-0300][gc,heap,exit] Heap
[2023-04-06T14:44:54.032-0300][gc,heap,exit]  garbage-first heap   total 1048576K, used 174455K [0x00000007c0000000, 0x0000000800000000)
[2023-04-06T14:44:54.032-0300][gc,heap,exit]   region size 1024K, 29 young (29696K), 5 survivors (5120K)
[2023-04-06T14:44:54.032-0300][gc,heap,exit]  Metaspace       used 41703K, committed 42304K, reserved 1089536K
[2023-04-06T14:44:54.032-0300][gc,heap,exit]   class space    used 5130K, committed 5376K, reserved 1048576K
