[2023-04-06T14:37:38.500-0300][gc] Using G1
[2023-04-06T14:37:38.501-0300][gc,init] Version: 17.0.4.1+9-LTS (release)
[2023-04-06T14:37:38.501-0300][gc,init] CPUs: 8 total, 8 available
[2023-04-06T14:37:38.501-0300][gc,init] Memory: 16384M
[2023-04-06T14:37:38.501-0300][gc,init] Large Page Support: Disabled
[2023-04-06T14:37:38.501-0300][gc,init] NUMA Support: Disabled
[2023-04-06T14:37:38.501-0300][gc,init] Compressed Oops: Enabled (Zero based)
[2023-04-06T14:37:38.501-0300][gc,init] Heap Region Size: 1M
[2023-04-06T14:37:38.501-0300][gc,init] Heap Min Capacity: 1G
[2023-04-06T14:37:38.501-0300][gc,init] Heap Initial Capacity: 1G
[2023-04-06T14:37:38.501-0300][gc,init] Heap Max Capacity: 1G
[2023-04-06T14:37:38.501-0300][gc,init] Pre-touch: Disabled
[2023-04-06T14:37:38.501-0300][gc,init] Parallel Workers: 8
[2023-04-06T14:37:38.501-0300][gc,init] Concurrent Workers: 2
[2023-04-06T14:37:38.501-0300][gc,init] Concurrent Refinement Workers: 8
[2023-04-06T14:37:38.501-0300][gc,init] Periodic GC: Disabled
[2023-04-06T14:37:38.501-0300][gc,metaspace] CDS archive(s) mapped at: [0x0000000800000000-0x0000000800bd8000-0x0000000800bd8000), size 12419072, SharedBaseAddress: 0x0000000800000000, ArchiveRelocationMode: 0.
[2023-04-06T14:37:38.501-0300][gc,metaspace] Compressed class space mapped at: 0x0000000800c00000-0x0000000840c00000, reserved size: 1073741824
[2023-04-06T14:37:38.501-0300][gc,metaspace] Narrow klass base: 0x0000000800000000, Narrow klass shift: 0, Narrow klass range: 0x100000000
[2023-04-06T14:37:58.207-0300][gc,heap,exit] Heap
[2023-04-06T14:37:58.207-0300][gc,heap,exit]  garbage-first heap   total 1048576K, used 41952K [0x00000007c0000000, 0x0000000800000000)
[2023-04-06T14:37:58.207-0300][gc,heap,exit]   region size 1024K, 40 young (40960K), 0 survivors (0K)
[2023-04-06T14:37:58.207-0300][gc,heap,exit]  Metaspace       used 14273K, committed 14464K, reserved 1064960K
[2023-04-06T14:37:58.207-0300][gc,heap,exit]   class space    used 1769K, committed 1856K, reserved 1048576K
