[2023-01-26T14:29:40.883-0300][gc] Using G1
[2023-01-26T14:29:40.884-0300][gc,init] Version: 17.0.4.1+9-LTS (release)
[2023-01-26T14:29:40.884-0300][gc,init] CPUs: 8 total, 8 available
[2023-01-26T14:29:40.884-0300][gc,init] Memory: 16384M
[2023-01-26T14:29:40.884-0300][gc,init] Large Page Support: Disabled
[2023-01-26T14:29:40.884-0300][gc,init] NUMA Support: Disabled
[2023-01-26T14:29:40.884-0300][gc,init] Compressed Oops: Enabled (Zero based)
[2023-01-26T14:29:40.884-0300][gc,init] Heap Region Size: 1M
[2023-01-26T14:29:40.884-0300][gc,init] Heap Min Capacity: 1G
[2023-01-26T14:29:40.884-0300][gc,init] Heap Initial Capacity: 1G
[2023-01-26T14:29:40.884-0300][gc,init] Heap Max Capacity: 1G
[2023-01-26T14:29:40.884-0300][gc,init] Pre-touch: Disabled
[2023-01-26T14:29:40.884-0300][gc,init] Parallel Workers: 8
[2023-01-26T14:29:40.884-0300][gc,init] Concurrent Workers: 2
[2023-01-26T14:29:40.884-0300][gc,init] Concurrent Refinement Workers: 8
[2023-01-26T14:29:40.884-0300][gc,init] Periodic GC: Disabled
[2023-01-26T14:29:40.884-0300][gc,metaspace] CDS archive(s) mapped at: [0x0000000800000000-0x0000000800bd8000-0x0000000800bd8000), size 12419072, SharedBaseAddress: 0x0000000800000000, ArchiveRelocationMode: 0.
[2023-01-26T14:29:40.884-0300][gc,metaspace] Compressed class space mapped at: 0x0000000800c00000-0x0000000840c00000, reserved size: 1073741824
[2023-01-26T14:29:40.884-0300][gc,metaspace] Narrow klass base: 0x0000000800000000, Narrow klass shift: 0, Narrow klass range: 0x100000000
[2023-01-26T14:29:41.386-0300][gc,start    ] GC(0) Pause Young (Normal) (G1 Evacuation Pause)
[2023-01-26T14:29:41.386-0300][gc,task     ] GC(0) Using 8 workers of 8 for evacuation
[2023-01-26T14:29:41.389-0300][gc,phases   ] GC(0)   Pre Evacuate Collection Set: 0.1ms
[2023-01-26T14:29:41.389-0300][gc,phases   ] GC(0)   Merge Heap Roots: 0.0ms
[2023-01-26T14:29:41.389-0300][gc,phases   ] GC(0)   Evacuate Collection Set: 2.2ms
[2023-01-26T14:29:41.389-0300][gc,phases   ] GC(0)   Post Evacuate Collection Set: 0.3ms
[2023-01-26T14:29:41.389-0300][gc,phases   ] GC(0)   Other: 0.2ms
[2023-01-26T14:29:41.389-0300][gc,heap     ] GC(0) Eden regions: 51->0(44)
[2023-01-26T14:29:41.389-0300][gc,heap     ] GC(0) Survivor regions: 0->7(7)
[2023-01-26T14:29:41.389-0300][gc,heap     ] GC(0) Old regions: 0->1
[2023-01-26T14:29:41.389-0300][gc,heap     ] GC(0) Archive regions: 2->2
[2023-01-26T14:29:41.389-0300][gc,heap     ] GC(0) Humongous regions: 0->0
[2023-01-26T14:29:41.389-0300][gc,metaspace] GC(0) Metaspace: 18634K(18880K)->18634K(18880K) NonClass: 16358K(16512K)->16358K(16512K) Class: 2276K(2368K)->2276K(2368K)
[2023-01-26T14:29:41.389-0300][gc          ] GC(0) Pause Young (Normal) (G1 Evacuation Pause) 51M->8M(1024M) 2.913ms
[2023-01-26T14:29:41.389-0300][gc,cpu      ] GC(0) User=0.01s Sys=0.00s Real=0.00s
[2023-01-26T14:29:41.457-0300][gc,start    ] GC(1) Pause Young (Concurrent Start) (Metadata GC Threshold)
[2023-01-26T14:29:41.457-0300][gc,task     ] GC(1) Using 8 workers of 8 for evacuation
[2023-01-26T14:29:41.461-0300][gc,phases   ] GC(1)   Pre Evacuate Collection Set: 0.1ms
[2023-01-26T14:29:41.461-0300][gc,phases   ] GC(1)   Merge Heap Roots: 0.0ms
[2023-01-26T14:29:41.461-0300][gc,phases   ] GC(1)   Evacuate Collection Set: 3.0ms
[2023-01-26T14:29:41.461-0300][gc,phases   ] GC(1)   Post Evacuate Collection Set: 0.2ms
[2023-01-26T14:29:41.461-0300][gc,phases   ] GC(1)   Other: 0.1ms
[2023-01-26T14:29:41.461-0300][gc,heap     ] GC(1) Eden regions: 10->0(49)
[2023-01-26T14:29:41.461-0300][gc,heap     ] GC(1) Survivor regions: 7->2(7)
[2023-01-26T14:29:41.461-0300][gc,heap     ] GC(1) Old regions: 1->8
[2023-01-26T14:29:41.461-0300][gc,heap     ] GC(1) Archive regions: 2->2
[2023-01-26T14:29:41.461-0300][gc,heap     ] GC(1) Humongous regions: 0->0
[2023-01-26T14:29:41.461-0300][gc,metaspace] GC(1) Metaspace: 21263K(21504K)->21263K(21504K) NonClass: 18664K(18752K)->18664K(18752K) Class: 2598K(2752K)->2598K(2752K)
[2023-01-26T14:29:41.461-0300][gc          ] GC(1) Pause Young (Concurrent Start) (Metadata GC Threshold) 17M->9M(1024M) 3.633ms
[2023-01-26T14:29:41.461-0300][gc,cpu      ] GC(1) User=0.01s Sys=0.00s Real=0.01s
[2023-01-26T14:29:41.461-0300][gc          ] GC(2) Concurrent Mark Cycle
[2023-01-26T14:29:41.461-0300][gc,marking  ] GC(2) Concurrent Clear Claimed Marks
[2023-01-26T14:29:41.461-0300][gc,marking  ] GC(2) Concurrent Clear Claimed Marks 0.008ms
[2023-01-26T14:29:41.461-0300][gc,marking  ] GC(2) Concurrent Scan Root Regions
[2023-01-26T14:29:41.462-0300][gc,marking  ] GC(2) Concurrent Scan Root Regions 1.270ms
[2023-01-26T14:29:41.462-0300][gc,marking  ] GC(2) Concurrent Mark
[2023-01-26T14:29:41.462-0300][gc,marking  ] GC(2) Concurrent Mark From Roots
[2023-01-26T14:29:41.462-0300][gc,task     ] GC(2) Using 2 workers of 2 for marking
[2023-01-26T14:29:41.463-0300][gc,marking  ] GC(2) Concurrent Mark From Roots 0.615ms
[2023-01-26T14:29:41.463-0300][gc,marking  ] GC(2) Concurrent Preclean
[2023-01-26T14:29:41.463-0300][gc,marking  ] GC(2) Concurrent Preclean 0.013ms
[2023-01-26T14:29:41.463-0300][gc,start    ] GC(2) Pause Remark
[2023-01-26T14:29:41.464-0300][gc          ] GC(2) Pause Remark 9M->9M(1024M) 0.909ms
[2023-01-26T14:29:41.464-0300][gc,cpu      ] GC(2) User=0.00s Sys=0.00s Real=0.00s
[2023-01-26T14:29:41.464-0300][gc,marking  ] GC(2) Concurrent Mark 1.718ms
[2023-01-26T14:29:41.464-0300][gc,marking  ] GC(2) Concurrent Rebuild Remembered Sets
[2023-01-26T14:29:41.465-0300][gc,marking  ] GC(2) Concurrent Rebuild Remembered Sets 1.292ms
[2023-01-26T14:29:41.465-0300][gc,start    ] GC(2) Pause Cleanup
[2023-01-26T14:29:41.465-0300][gc          ] GC(2) Pause Cleanup 9M->9M(1024M) 0.153ms
[2023-01-26T14:29:41.465-0300][gc,cpu      ] GC(2) User=0.00s Sys=0.00s Real=0.00s
[2023-01-26T14:29:41.465-0300][gc,marking  ] GC(2) Concurrent Cleanup for Next Mark
[2023-01-26T14:29:41.467-0300][gc,marking  ] GC(2) Concurrent Cleanup for Next Mark 1.352ms
[2023-01-26T14:29:41.467-0300][gc          ] GC(2) Concurrent Mark Cycle 6.037ms
[2023-01-26T14:29:41.811-0300][gc,start    ] GC(3) Pause Young (Normal) (G1 Evacuation Pause)
[2023-01-26T14:29:41.811-0300][gc,task     ] GC(3) Using 8 workers of 8 for evacuation
[2023-01-26T14:29:41.813-0300][gc,phases   ] GC(3)   Pre Evacuate Collection Set: 0.1ms
[2023-01-26T14:29:41.813-0300][gc,phases   ] GC(3)   Merge Heap Roots: 0.0ms
[2023-01-26T14:29:41.813-0300][gc,phases   ] GC(3)   Evacuate Collection Set: 1.9ms
[2023-01-26T14:29:41.813-0300][gc,phases   ] GC(3)   Post Evacuate Collection Set: 0.2ms
[2023-01-26T14:29:41.813-0300][gc,phases   ] GC(3)   Other: 0.1ms
[2023-01-26T14:29:41.813-0300][gc,heap     ] GC(3) Eden regions: 49->0(45)
[2023-01-26T14:29:41.813-0300][gc,heap     ] GC(3) Survivor regions: 2->6(7)
[2023-01-26T14:29:41.813-0300][gc,heap     ] GC(3) Old regions: 8->8
[2023-01-26T14:29:41.813-0300][gc,heap     ] GC(3) Archive regions: 2->2
[2023-01-26T14:29:41.813-0300][gc,heap     ] GC(3) Humongous regions: 129->129
[2023-01-26T14:29:41.813-0300][gc,metaspace] GC(3) Metaspace: 31308K(31552K)->31308K(31552K) NonClass: 27728K(27840K)->27728K(27840K) Class: 3580K(3712K)->3580K(3712K)
[2023-01-26T14:29:41.813-0300][gc          ] GC(3) Pause Young (Normal) (G1 Evacuation Pause) 187M->142M(1024M) 2.338ms
[2023-01-26T14:29:41.813-0300][gc,cpu      ] GC(3) User=0.02s Sys=0.00s Real=0.00s
[2023-01-26T14:29:41.901-0300][gc,start    ] GC(4) Pause Young (Concurrent Start) (Metadata GC Threshold)
[2023-01-26T14:29:41.901-0300][gc,task     ] GC(4) Using 8 workers of 8 for evacuation
[2023-01-26T14:29:41.904-0300][gc,phases   ] GC(4)   Pre Evacuate Collection Set: 0.2ms
[2023-01-26T14:29:41.904-0300][gc,phases   ] GC(4)   Merge Heap Roots: 0.1ms
[2023-01-26T14:29:41.904-0300][gc,phases   ] GC(4)   Evacuate Collection Set: 2.1ms
[2023-01-26T14:29:41.904-0300][gc,phases   ] GC(4)   Post Evacuate Collection Set: 0.2ms
[2023-01-26T14:29:41.904-0300][gc,phases   ] GC(4)   Other: 0.9ms
[2023-01-26T14:29:41.904-0300][gc,heap     ] GC(4) Eden regions: 20->0(49)
[2023-01-26T14:29:41.904-0300][gc,heap     ] GC(4) Survivor regions: 6->2(7)
[2023-01-26T14:29:41.904-0300][gc,heap     ] GC(4) Old regions: 8->13
[2023-01-26T14:29:41.904-0300][gc,heap     ] GC(4) Archive regions: 2->2
[2023-01-26T14:29:41.904-0300][gc,heap     ] GC(4) Humongous regions: 129->129
[2023-01-26T14:29:41.904-0300][gc,metaspace] GC(4) Metaspace: 35801K(36096K)->35801K(36096K) NonClass: 31660K(31808K)->31660K(31808K) Class: 4140K(4288K)->4140K(4288K)
[2023-01-26T14:29:41.904-0300][gc          ] GC(4) Pause Young (Concurrent Start) (Metadata GC Threshold) 162M->144M(1024M) 3.614ms
[2023-01-26T14:29:41.904-0300][gc,cpu      ] GC(4) User=0.02s Sys=0.00s Real=0.00s
[2023-01-26T14:29:41.904-0300][gc          ] GC(5) Concurrent Mark Cycle
[2023-01-26T14:29:41.904-0300][gc,marking  ] GC(5) Concurrent Clear Claimed Marks
[2023-01-26T14:29:41.904-0300][gc,marking  ] GC(5) Concurrent Clear Claimed Marks 0.013ms
[2023-01-26T14:29:41.904-0300][gc,marking  ] GC(5) Concurrent Scan Root Regions
[2023-01-26T14:29:41.906-0300][gc,marking  ] GC(5) Concurrent Scan Root Regions 1.451ms
[2023-01-26T14:29:41.906-0300][gc,marking  ] GC(5) Concurrent Mark
[2023-01-26T14:29:41.906-0300][gc,marking  ] GC(5) Concurrent Mark From Roots
[2023-01-26T14:29:41.906-0300][gc,task     ] GC(5) Using 2 workers of 2 for marking
[2023-01-26T14:29:41.909-0300][gc,marking  ] GC(5) Concurrent Mark From Roots 3.042ms
[2023-01-26T14:29:41.909-0300][gc,marking  ] GC(5) Concurrent Preclean
[2023-01-26T14:29:41.909-0300][gc,marking  ] GC(5) Concurrent Preclean 0.043ms
[2023-01-26T14:29:41.909-0300][gc,start    ] GC(5) Pause Remark
[2023-01-26T14:29:41.910-0300][gc          ] GC(5) Pause Remark 145M->145M(1024M) 0.891ms
[2023-01-26T14:29:41.910-0300][gc,cpu      ] GC(5) User=0.00s Sys=0.00s Real=0.01s
[2023-01-26T14:29:41.910-0300][gc,marking  ] GC(5) Concurrent Mark 4.247ms
[2023-01-26T14:29:41.910-0300][gc,marking  ] GC(5) Concurrent Rebuild Remembered Sets
[2023-01-26T14:29:41.913-0300][gc,marking  ] GC(5) Concurrent Rebuild Remembered Sets 2.497ms
[2023-01-26T14:29:41.913-0300][gc,start    ] GC(5) Pause Cleanup
[2023-01-26T14:29:41.913-0300][gc          ] GC(5) Pause Cleanup 145M->145M(1024M) 0.118ms
[2023-01-26T14:29:41.913-0300][gc,cpu      ] GC(5) User=0.00s Sys=0.00s Real=0.00s
[2023-01-26T14:29:41.913-0300][gc,marking  ] GC(5) Concurrent Cleanup for Next Mark
[2023-01-26T14:29:41.914-0300][gc,marking  ] GC(5) Concurrent Cleanup for Next Mark 1.421ms
[2023-01-26T14:29:41.914-0300][gc          ] GC(5) Concurrent Mark Cycle 10.014ms
[2023-01-26T14:32:10.873-0300][gc,heap,exit] Heap
[2023-01-26T14:32:10.873-0300][gc,heap,exit]  garbage-first heap   total 1048576K, used 200654K [0x00000007c0000000, 0x0000000800000000)
[2023-01-26T14:32:10.873-0300][gc,heap,exit]   region size 1024K, 42 young (43008K), 2 survivors (2048K)
[2023-01-26T14:32:10.873-0300][gc,heap,exit]  Metaspace       used 40246K, committed 40832K, reserved 1089536K
[2023-01-26T14:32:10.873-0300][gc,heap,exit]   class space    used 4926K, committed 5184K, reserved 1048576K
