[2023-01-26T14:29:08.918-0300][gc] Using G1
[2023-01-26T14:29:08.918-0300][gc,init] Version: 17.0.4.1+9-LTS (release)
[2023-01-26T14:29:08.919-0300][gc,init] CPUs: 8 total, 8 available
[2023-01-26T14:29:08.919-0300][gc,init] Memory: 16384M
[2023-01-26T14:29:08.919-0300][gc,init] Large Page Support: Disabled
[2023-01-26T14:29:08.919-0300][gc,init] NUMA Support: Disabled
[2023-01-26T14:29:08.919-0300][gc,init] Compressed Oops: Enabled (Zero based)
[2023-01-26T14:29:08.919-0300][gc,init] Heap Region Size: 1M
[2023-01-26T14:29:08.919-0300][gc,init] Heap Min Capacity: 512M
[2023-01-26T14:29:08.919-0300][gc,init] Heap Initial Capacity: 512M
[2023-01-26T14:29:08.919-0300][gc,init] Heap Max Capacity: 512M
[2023-01-26T14:29:08.919-0300][gc,init] Pre-touch: Disabled
[2023-01-26T14:29:08.919-0300][gc,init] Parallel Workers: 8
[2023-01-26T14:29:08.919-0300][gc,init] Concurrent Workers: 2
[2023-01-26T14:29:08.919-0300][gc,init] Concurrent Refinement Workers: 8
[2023-01-26T14:29:08.919-0300][gc,init] Periodic GC: Disabled
[2023-01-26T14:29:08.919-0300][gc,metaspace] CDS archive(s) mapped at: [0x0000000800000000-0x0000000800bd8000-0x0000000800bd8000), size 12419072, SharedBaseAddress: 0x0000000800000000, ArchiveRelocationMode: 0.
[2023-01-26T14:29:08.919-0300][gc,metaspace] Compressed class space mapped at: 0x0000000800c00000-0x0000000840c00000, reserved size: 1073741824
[2023-01-26T14:29:08.919-0300][gc,metaspace] Narrow klass base: 0x0000000800000000, Narrow klass shift: 0, Narrow klass range: 0x100000000
[2023-01-26T14:29:19.390-0300][gc,start    ] GC(0) Pause Young (Normal) (G1 Evacuation Pause)
[2023-01-26T14:29:19.390-0300][gc,task     ] GC(0) Using 8 workers of 8 for evacuation
[2023-01-26T14:29:19.392-0300][gc,phases   ] GC(0)   Pre Evacuate Collection Set: 0.1ms
[2023-01-26T14:29:19.392-0300][gc,phases   ] GC(0)   Merge Heap Roots: 0.0ms
[2023-01-26T14:29:19.392-0300][gc,phases   ] GC(0)   Evacuate Collection Set: 2.1ms
[2023-01-26T14:29:19.392-0300][gc,phases   ] GC(0)   Post Evacuate Collection Set: 0.2ms
[2023-01-26T14:29:19.392-0300][gc,phases   ] GC(0)   Other: 0.2ms
[2023-01-26T14:29:19.392-0300][gc,heap     ] GC(0) Eden regions: 25->0(21)
[2023-01-26T14:29:19.392-0300][gc,heap     ] GC(0) Survivor regions: 0->4(4)
[2023-01-26T14:29:19.392-0300][gc,heap     ] GC(0) Old regions: 0->4
[2023-01-26T14:29:19.392-0300][gc,heap     ] GC(0) Archive regions: 2->2
[2023-01-26T14:29:19.392-0300][gc,heap     ] GC(0) Humongous regions: 0->0
[2023-01-26T14:29:19.392-0300][gc,metaspace] GC(0) Metaspace: 7835K(8000K)->7835K(8000K) NonClass: 6951K(7040K)->6951K(7040K) Class: 883K(960K)->883K(960K)
[2023-01-26T14:29:19.392-0300][gc          ] GC(0) Pause Young (Normal) (G1 Evacuation Pause) 25M->8M(512M) 2.776ms
[2023-01-26T14:29:19.392-0300][gc,cpu      ] GC(0) User=0.01s Sys=0.00s Real=0.00s
[2023-01-26T14:32:16.123-0300][gc,heap,exit] Heap
[2023-01-26T14:32:16.123-0300][gc,heap,exit]  garbage-first heap   total 524288K, used 14187K [0x00000007e0000000, 0x0000000800000000)
[2023-01-26T14:32:16.123-0300][gc,heap,exit]   region size 1024K, 10 young (10240K), 4 survivors (4096K)
[2023-01-26T14:32:16.123-0300][gc,heap,exit]  Metaspace       used 8218K, committed 8384K, reserved 1056768K
[2023-01-26T14:32:16.123-0300][gc,heap,exit]   class space    used 905K, committed 1024K, reserved 1048576K
